// Jest Snapshot v1, https://goo.gl/fbAQLP

exports[`BkModal component Should be render correctly 1`] = `
<transition-stub
  name="modal"
>
  <div
    class="modal-mask"
  >
    <div
      class="modal-wrapper"
    >
      <div
        class="modal-container"
      >
        <div
          class="modal-body"
        />
         
        <div
          class="modal-footer"
        >
          <button
            class="modal-default-button"
          >
            
              OK
            
          </button>
        </div>
      </div>
    </div>
  </div>
</transition-stub>
`;
